1 red
2 green
3 blue
4 cyan
5 magenta
6 yellow
7 blue_violet
8 deep_pink
9 GREEN_YELLOW
10 LIGHT_SEA_GREEN
11 MEDIUM_TURQUOISE
12 PURPLE
13 red
14 green
15 blue
16 cyan
17 magenta
18 yellow
19 blue_violet
20 deep_pink
21 GREEN_YELLOW
22 LIGHT_SEA_GREEN
23 MEDIUM_TURQUOISE
24 PURPLE
25 red
26 green
27 blue
28 cyan
29 magenta
30 yellow
31 blue_violet
32 deep_pink
33 GREEN_YELLOW
34 LIGHT_SEA_GREEN
35 MEDIUM_TURQUOISE
36 PURPLE
37 red
38 green
39 blue
40 cyan
41 magenta
42 yellow
43 blue_violet
44 deep_pink
45 GREEN_YELLOW
46 LIGHT_SEA_GREEN
47 MEDIUM_TURQUOISE
48 PURPLE
49 red
50 green
51 blue
52 cyan
53 magenta
54 yellow
55 blue_violet
56 deep_pink
57 GREEN_YELLOW
58 LIGHT_SEA_GREEN
59 MEDIUM_TURQUOISE
60 PURPLE
61 red
62 green
63 blue
64 cyan
65 magenta
66 yellow
67 blue_violet
68 deep_pink
69 GREEN_YELLOW
70 LIGHT_SEA_GREEN
71 MEDIUM_TURQUOISE
72 PURPLE
73 red
74 green
75 blue
76 cyan
77 magenta
78 yellow
79 blue_violet
80 deep_pink
81 GREEN_YELLOW
82 LIGHT_SEA_GREEN
83 MEDIUM_TURQUOISE
84 PURPLE
85 red
86 green
87 blue
88 cyan
89 magenta
90 yellow
91 blue_violet
92 deep_pink
93 GREEN_YELLOW
94 LIGHT_SEA_GREEN
95 MEDIUM_TURQUOISE
96 PURPLE
97 red
98 green
99 blue
100 cyan
101 magenta
102 yellow
103 blue_violet
104 deep_pink
105 GREEN_YELLOW
106 LIGHT_SEA_GREEN
107 MEDIUM_TURQUOISE
108 PURPLE
109 red
110 green
111 blue
112 cyan
113 magenta
114 yellow
115 blue_violet
116 deep_pink
117 GREEN_YELLOW
118 LIGHT_SEA_GREEN
119 MEDIUM_TURQUOISE
120 PURPLE
121 red
122 green
123 blue
124 cyan
125 magenta
126 yellow
127 blue_violet
128 deep_pink
129 GREEN_YELLOW
130 LIGHT_SEA_GREEN
131 MEDIUM_TURQUOISE
132 PURPLE
133 red
134 green
135 blue
136 cyan
137 magenta
138 yellow
139 blue_violet
140 deep_pink
141 GREEN_YELLOW
142 LIGHT_SEA_GREEN
143 MEDIUM_TURQUOISE
144 PURPLE
145 red
146 green
147 blue
148 cyan
149 magenta
150 yellow
151 blue_violet
152 deep_pink
153 GREEN_YELLOW
154 LIGHT_SEA_GREEN
155 MEDIUM_TURQUOISE
156 PURPLE
157 red
158 green
159 blue
160 cyan
161 magenta
162 yellow
163 blue_violet
164 deep_pink
165 GREEN_YELLOW
166 LIGHT_SEA_GREEN
167 MEDIUM_TURQUOISE
168 PURPLE
169 red
170 green
171 blue
172 cyan
173 magenta
174 yellow
175 blue_violet
176 deep_pink
177 GREEN_YELLOW
178 LIGHT_SEA_GREEN
179 MEDIUM_TURQUOISE
180 PURPLE
181 red
182 green
183 blue
184 cyan
185 magenta
186 yellow
187 blue_violet
188 deep_pink
189 GREEN_YELLOW
190 LIGHT_SEA_GREEN
191 MEDIUM_TURQUOISE
192 PURPLE
193 red
194 green
195 blue
196 cyan
197 magenta
198 yellow
199 blue_violet
200 deep_pink
201 GREEN_YELLOW
202 LIGHT_SEA_GREEN
203 MEDIUM_TURQUOISE
204 PURPLE
205 red
206 green
207 blue
208 cyan
209 magenta
210 yellow
211 blue_violet
212 deep_pink
213 GREEN_YELLOW
214 LIGHT_SEA_GREEN
215 MEDIUM_TURQUOISE
216 PURPLE
217 red
218 green
219 blue
220 cyan
221 magenta
222 yellow
223 blue_violet
224 deep_pink
225 GREEN_YELLOW
226 LIGHT_SEA_GREEN
227 MEDIUM_TURQUOISE
228 PURPLE
229 red
230 green
231 blue
232 cyan
233 magenta
234 yellow
235 blue_violet
236 deep_pink
237 GREEN_YELLOW
238 LIGHT_SEA_GREEN
239 MEDIUM_TURQUOISE
240 PURPLE
241 red
242 green
243 blue
244 cyan
245 magenta
246 yellow
247 blue_violet
248 deep_pink
249 GREEN_YELLOW
250 LIGHT_SEA_GREEN
251 MEDIUM_TURQUOISE
252 PURPLE
253 red
254 green
255 blue
